
Allocating common symbols
Common symbol       size              file

native_window       0x8               /tmp/test-e41c29.o
CNFGDialogColor     0x4               /tmp/test-e41c29.o
CNFGPenX            0x4               /tmp/test-e41c29.o
android_sdk_version
                    0x4               /tmp/test-e41c29.o
CNFGPenY            0x4               /tmp/test-e41c29.o
egl_context         0x8               /tmp/test-e41c29.o
egl_surface         0x8               /tmp/test-e41c29.o
buttonstate         0x8               /tmp/test-e41c29.o
egl_config          0x8               /tmp/test-e41c29.o
CNFGVertDataV       0x18000           /tmp/test-e41c29.o
gRDLastResizeH      0x4               /tmp/test-e41c29.o
debugc              0x4               /tmp/test-e41c29.o
debuga              0x4               /tmp/test-e41c29.o
debugb              0x4               /tmp/test-e41c29.o
CNFGLastColor       0x4               /tmp/test-e41c29.o
lastkey             0x4               /tmp/test-e41c29.o
gRDLastResizeW      0x4               /tmp/test-e41c29.o
egl_display         0x8               /tmp/test-e41c29.o
CNFGBGColor         0x4               /tmp/test-e41c29.o
CNFGVertDataC       0x8000            /tmp/test-e41c29.o
lastkeydown         0x4               /tmp/test-e41c29.o
pressables          0x3c0             /tmp/test-e41c29.o
HandleWindowTermination
                    0x8               /tmp/test-e41c29.o
android_width       0x4               /tmp/test-e41c29.o
CNFGVertPlace       0x4               /tmp/test-e41c29.o
g_objRootView       0x8               /tmp/test-e41c29.o
suspended           0x4               /tmp/test-e41c29.o
gapp                0x8               /tmp/android_native_app_glue-8e129a.o
android_height      0x4               /tmp/test-e41c29.o
MyFunc              0x8               /tmp/test-e41c29.o
debug_capture_thread
                    0x8               /tmp/android_native_app_glue-8e129a.o
HandleCustomEventCallback
                    0x8               /tmp/test-e41c29.o

Discarded input sections

 .note.GNU-stack
                0x0000000000000000        0x0 /mnt/c/Users/stewa/AppData/Local/Android/Sdk//ndk/21.3.6528147/toolchains/llvm/prebuilt/linux-x86_64/bin/../sysroot/usr/lib/aarch64-linux-android/30/crtbegin_so.o
 .note.GNU-stack
                0x0000000000000000        0x0 /mnt/c/Users/stewa/AppData/Local/Android/Sdk//ndk/21.3.6528147/toolchains/llvm/prebuilt/linux-x86_64/bin/../sysroot/usr/lib/aarch64-linux-android/30/crtbegin_so.o
 .text          0x0000000000000000        0x0 /tmp/test-e41c29.o
 .text.CNFGSetVSync
                0x0000000000000000       0x14 /tmp/test-e41c29.o
 .text.CNFGSetupFullscreen
                0x0000000000000000       0x1c /tmp/test-e41c29.o
 .text.HandleMotion
                0x0000000000000000       0x1c /tmp/test-e41c29.o
 .text.HandleKey
                0x0000000000000000       0x24 /tmp/test-e41c29.o
 .text.AndroidDisplayKeyboard
                0x0000000000000000      0x310 /tmp/test-e41c29.o
 .text.android_permission_name
                0x0000000000000000       0x6c /tmp/test-e41c29.o
 .text.AndroidHasPermissions
                0x0000000000000000      0x1e0 /tmp/test-e41c29.o
 .text.AndroidRequestAppPermissions
                0x0000000000000000      0x1f4 /tmp/test-e41c29.o
 .text.CNFGDrawBox
                0x0000000000000000       0xd0 /tmp/test-e41c29.o
 .text.CNFGColor
                0x0000000000000000        0xc /tmp/test-e41c29.o
 .text.CNFGTackRectangle
                0x0000000000000000       0x34 /tmp/test-e41c29.o
 .text.CNFGGetTextExtents
                0x0000000000000000       0x70 /tmp/test-e41c29.o
 .text.CNFGTackPoly
                0x0000000000000000      0x10c /tmp/test-e41c29.o
 .text.CNFGSetLineWidth
                0x0000000000000000       0x1c /tmp/test-e41c29.o
 .text.CNFGDeleteTex
                0x0000000000000000       0x28 /tmp/test-e41c29.o
 .text.CNFGTexImage
                0x0000000000000000       0xc8 /tmp/test-e41c29.o
 .text.CNFGBlitTex
                0x0000000000000000      0x164 /tmp/test-e41c29.o
 .text.CNFGBlitImage
                0x0000000000000000       0xd0 /tmp/test-e41c29.o
 .text.CNFGUpdateScreenWithBitmap
                0x0000000000000000       0x14 /tmp/test-e41c29.o
 .text.CNFGFlushRender
                0x0000000000000000       0x3c /tmp/test-e41c29.o
 .text.tdIdentity
                0x0000000000000000       0x2c /tmp/test-e41c29.o
 .text.tdZero   0x0000000000000000       0x10 /tmp/test-e41c29.o
 .text.tdTranslate
                0x0000000000000000       0x64 /tmp/test-e41c29.o
 .text.tdMultiply
                0x0000000000000000       0x6c /tmp/test-e41c29.o
 .text.tdScale  0x0000000000000000       0x4c /tmp/test-e41c29.o
 .rodata.cst8   0x0000000000000000       0x38 /tmp/test-e41c29.o
 .text.tdRotateAA
                0x0000000000000000      0x130 /tmp/test-e41c29.o
 .text.tdRotateQuat
                0x0000000000000000       0xc0 /tmp/test-e41c29.o
 .text.tdRotateEA
                0x0000000000000000      0x150 /tmp/test-e41c29.o
 .text.tdPrint  0x0000000000000000       0x74 /tmp/test-e41c29.o
 .text.tdTransposeSelf
                0x0000000000000000       0x34 /tmp/test-e41c29.o
 .rodata.cst16  0x0000000000000000       0x10 /tmp/test-e41c29.o
 .text.tdPerspective
                0x0000000000000000       0xa4 /tmp/test-e41c29.o
 .text.tdLookAt
                0x0000000000000000      0x184 /tmp/test-e41c29.o
 .text.tdCross  0x0000000000000000       0x40 /tmp/test-e41c29.o
 .text.tdPTransform
                0x0000000000000000       0x74 /tmp/test-e41c29.o
 .text.tdVTransform
                0x0000000000000000       0x68 /tmp/test-e41c29.o
 .text.td4Transform
                0x0000000000000000       0xa4 /tmp/test-e41c29.o
 .text.td4RTransform
                0x0000000000000000       0x3c /tmp/test-e41c29.o
 .text.tdNormalizeSelf
                0x0000000000000000       0x40 /tmp/test-e41c29.o
 .text.tdDistance
                0x0000000000000000       0x34 /tmp/test-e41c29.o
 .text.tdDot    0x0000000000000000       0x28 /tmp/test-e41c29.o
 .text.tdPush   0x0000000000000000       0x54 /tmp/test-e41c29.o
 .text.tdPop    0x0000000000000000       0x40 /tmp/test-e41c29.o
 .text.tdMode   0x0000000000000000       0x3c /tmp/test-e41c29.o
 .text.tdSetViewport
                0x0000000000000000       0x34 /tmp/test-e41c29.o
 .text.tdFinalPoint
                0x0000000000000000       0xcc /tmp/test-e41c29.o
 .text.tdNoiseAt
                0x0000000000000000       0x54 /tmp/test-e41c29.o
 .text.tdFLerp  0x0000000000000000       0x5c /tmp/test-e41c29.o
 .text.tdPerlin2D
                0x0000000000000000      0x1f8 /tmp/test-e41c29.o
 .text.WebViewCreate
                0x0000000000000000      0x94c /tmp/test-e41c29.o
 .text.WebViewGetProgress
                0x0000000000000000       0xd8 /tmp/test-e41c29.o
 .text.WebViewPostMessage
                0x0000000000000000      0x38c /tmp/test-e41c29.o
 .text.WebViewRequestRenderToCanvas
                0x0000000000000000       0xcc /tmp/test-e41c29.o
 .text.WebViewNativeGetPixels
                0x0000000000000000      0x148 /tmp/test-e41c29.o
 .text.WebViewExecuteJavascript
                0x0000000000000000      0x10c /tmp/test-e41c29.o
 .text.WebViewGetLastWindowTitle
                0x0000000000000000      0x120 /tmp/test-e41c29.o
 .text.checkPress
                0x0000000000000000       0x4c /tmp/test-e41c29.o
 .text.is_inside
                0x0000000000000000       0x30 /tmp/test-e41c29.o
 .text.HandleDestroy
                0x0000000000000000       0x20 /tmp/test-e41c29.o
 .text.HandleSuspend
                0x0000000000000000       0x10 /tmp/test-e41c29.o
 .text.HandleResume
                0x0000000000000000        0xc /tmp/test-e41c29.o
 .text.drawBox  0x0000000000000000        0x4 /tmp/test-e41c29.o
 .bss.CNFGLastCharacter
                0x0000000000000000        0x4 /tmp/test-e41c29.o
 .bss.CNFGLastScancode
                0x0000000000000000        0x4 /tmp/test-e41c29.o
 .rodata.CNFGBlitTex.tex_verts
                0x0000000000000000        0xc /tmp/test-e41c29.o
 .bss.gsMatricies
                0x0000000000000000     0x1000 /tmp/test-e41c29.o
 .data.gSMatrix
                0x0000000000000000        0x8 /tmp/test-e41c29.o
 .bss.gsMPlace  0x0000000000000000        0x8 /tmp/test-e41c29.o
 .bss.gsMMode   0x0000000000000000        0x4 /tmp/test-e41c29.o
 .bss.translateX
                0x0000000000000000        0x4 /tmp/test-e41c29.o
 .bss.translateY
                0x0000000000000000        0x4 /tmp/test-e41c29.o
 .bss.scaleX    0x0000000000000000        0x4 /tmp/test-e41c29.o
 .bss.scaleY    0x0000000000000000        0x4 /tmp/test-e41c29.o
 .note.GNU-stack
                0x0000000000000000        0x0 /tmp/test-e41c29.o
 .text          0x0000000000000000        0x0 /tmp/android_native_app_glue-8e129a.o
 .text.app_dummy
                0x0000000000000000        0x4 /tmp/android_native_app_glue-8e129a.o
 .text.RunCallbackOnUIThread
                0x0000000000000000       0x34 /tmp/android_native_app_glue-8e129a.o
 .note.GNU-stack
                0x0000000000000000        0x0 /tmp/android_native_app_glue-8e129a.o
 .text          0x0000000000000000        0x0 /mnt/c/Users/stewa/AppData/Local/Android/Sdk//ndk/21.3.6528147/toolchains/llvm/prebuilt/linux-x86_64/bin/../sysroot/usr/lib/aarch64-linux-android/30/crtend_so.o
 .note.GNU-stack
                0x0000000000000000        0x0 /mnt/c/Users/stewa/AppData/Local/Android/Sdk//ndk/21.3.6528147/toolchains/llvm/prebuilt/linux-x86_64/bin/../sysroot/usr/lib/aarch64-linux-android/30/crtend_so.o
 .note.GNU-stack
                0x0000000000000000        0x0 /mnt/c/Users/stewa/AppData/Local/Android/Sdk//ndk/21.3.6528147/toolchains/llvm/prebuilt/linux-x86_64/bin/../sysroot/usr/lib/aarch64-linux-android/30/crtend_so.o

Memory Configuration

Name             Origin             Length             Attributes
*default*        0x0000000000000000 0xffffffffffffffff

Linker script and memory map

LOAD /mnt/c/Users/stewa/AppData/Local/Android/Sdk//ndk/21.3.6528147/toolchains/llvm/prebuilt/linux-x86_64/bin/../sysroot/usr/lib/aarch64-linux-android/30/crtbegin_so.o
LOAD /tmp/test-e41c29.o
LOAD /tmp/android_native_app_glue-8e129a.o
LOAD /mnt/c/Users/stewa/AppData/Local/Android/Sdk//ndk/21.3.6528147/toolchains/llvm/prebuilt/linux-x86_64/sysroot/usr/lib/aarch64-linux-android/30/libm.so
LOAD /mnt/c/Users/stewa/AppData/Local/Android/Sdk//ndk/21.3.6528147/toolchains/llvm/prebuilt/linux-x86_64/sysroot/usr/lib/aarch64-linux-android/30/libGLESv3.so
LOAD /mnt/c/Users/stewa/AppData/Local/Android/Sdk//ndk/21.3.6528147/toolchains/llvm/prebuilt/linux-x86_64/sysroot/usr/lib/aarch64-linux-android/30/libEGL.so
LOAD /mnt/c/Users/stewa/AppData/Local/Android/Sdk//ndk/21.3.6528147/toolchains/llvm/prebuilt/linux-x86_64/sysroot/usr/lib/aarch64-linux-android/30/libandroid.so
LOAD /mnt/c/Users/stewa/AppData/Local/Android/Sdk//ndk/21.3.6528147/toolchains/llvm/prebuilt/linux-x86_64/sysroot/usr/lib/aarch64-linux-android/30/liblog.so
LOAD /mnt/c/Users/stewa/AppData/Local/Android/Sdk//ndk/21.3.6528147/toolchains/llvm/prebuilt/linux-x86_64/sysroot/usr/lib/aarch64-linux-android/30/libOpenSLES.so
LOAD /mnt/c/Users/stewa/AppData/Local/Android/Sdk//ndk/21.3.6528147/toolchains/llvm/prebuilt/linux-x86_64/bin/../lib/gcc/aarch64-linux-android/4.9.x/libgcc.a
LOAD /mnt/c/Users/stewa/AppData/Local/Android/Sdk//ndk/21.3.6528147/toolchains/llvm/prebuilt/linux-x86_64/sysroot/usr/lib/aarch64-linux-android/30/libcompiler_rt-extras.a
LOAD /mnt/c/Users/stewa/AppData/Local/Android/Sdk//ndk/21.3.6528147/toolchains/llvm/prebuilt/linux-x86_64/bin/../lib/gcc/aarch64-linux-android/4.9.x/libgcc_real.a
LOAD /mnt/c/Users/stewa/AppData/Local/Android/Sdk//ndk/21.3.6528147/toolchains/llvm/prebuilt/linux-x86_64/sysroot/usr/lib/aarch64-linux-android/30/libdl.so
LOAD /mnt/c/Users/stewa/AppData/Local/Android/Sdk//ndk/21.3.6528147/toolchains/llvm/prebuilt/linux-x86_64/sysroot/usr/lib/aarch64-linux-android/30/libc.so
LOAD /mnt/c/Users/stewa/AppData/Local/Android/Sdk//ndk/21.3.6528147/toolchains/llvm/prebuilt/linux-x86_64/bin/../lib/gcc/aarch64-linux-android/4.9.x/libgcc.a
LOAD /mnt/c/Users/stewa/AppData/Local/Android/Sdk//ndk/21.3.6528147/toolchains/llvm/prebuilt/linux-x86_64/sysroot/usr/lib/aarch64-linux-android/30/libcompiler_rt-extras.a
LOAD /mnt/c/Users/stewa/AppData/Local/Android/Sdk//ndk/21.3.6528147/toolchains/llvm/prebuilt/linux-x86_64/bin/../lib/gcc/aarch64-linux-android/4.9.x/libgcc_real.a
LOAD /mnt/c/Users/stewa/AppData/Local/Android/Sdk//ndk/21.3.6528147/toolchains/llvm/prebuilt/linux-x86_64/sysroot/usr/lib/aarch64-linux-android/30/libdl.so
LOAD /mnt/c/Users/stewa/AppData/Local/Android/Sdk//ndk/21.3.6528147/toolchains/llvm/prebuilt/linux-x86_64/bin/../sysroot/usr/lib/aarch64-linux-android/30/crtend_so.o
                0x0000000000000190                . = (0x0 + SIZEOF_HEADERS)

.note.gnu.build-id
 *(.note.gnu.build-id)

.hash
 *(.hash)

.gnu.hash       0x0000000000000190       0x44
 *(.gnu.hash)
 .gnu.hash      0x0000000000000190       0x44 /mnt/c/Users/stewa/AppData/Local/Android/Sdk//ndk/21.3.6528147/toolchains/llvm/prebuilt/linux-x86_64/bin/../sysroot/usr/lib/aarch64-linux-android/30/crtbegin_so.o

.dynsym         0x00000000000001d8      0xa68
 *(.dynsym)
 .dynsym        0x00000000000001d8      0xa68 /mnt/c/Users/stewa/AppData/Local/Android/Sdk//ndk/21.3.6528147/toolchains/llvm/prebuilt/linux-x86_64/bin/../sysroot/usr/lib/aarch64-linux-android/30/crtbegin_so.o

.dynstr         0x0000000000000c40      0x6b5
 *(.dynstr)
 .dynstr        0x0000000000000c40      0x6b5 /mnt/c/Users/stewa/AppData/Local/Android/Sdk//ndk/21.3.6528147/toolchains/llvm/prebuilt/linux-x86_64/bin/../sysroot/usr/lib/aarch64-linux-android/30/crtbegin_so.o

.gnu.version    0x00000000000012f6       0xde
 *(.gnu.version)
 .gnu.version   0x00000000000012f6       0xde /mnt/c/Users/stewa/AppData/Local/Android/Sdk//ndk/21.3.6528147/toolchains/llvm/prebuilt/linux-x86_64/bin/../sysroot/usr/lib/aarch64-linux-android/30/crtbegin_so.o

.gnu.version_d  0x00000000000013d8        0x0
 *(.gnu.version_d)
 .gnu.version_d
                0x00000000000013d8        0x0 /mnt/c/Users/stewa/AppData/Local/Android/Sdk//ndk/21.3.6528147/toolchains/llvm/prebuilt/linux-x86_64/bin/../sysroot/usr/lib/aarch64-linux-android/30/crtbegin_so.o

.gnu.version_r  0x00000000000013d8       0x20
 *(.gnu.version_r)
 .gnu.version_r
                0x00000000000013d8       0x20 /mnt/c/Users/stewa/AppData/Local/Android/Sdk//ndk/21.3.6528147/toolchains/llvm/prebuilt/linux-x86_64/bin/../sysroot/usr/lib/aarch64-linux-android/30/crtbegin_so.o

.rela.dyn       0x00000000000013f8       0x90
 *(.rela.init)
 *(.rela.text .rela.text.* .rela.gnu.linkonce.t.*)
 *(.rela.fini)
 *(.rela.rodata .rela.rodata.* .rela.gnu.linkonce.r.*)
 *(.rela.data .rela.data.* .rela.gnu.linkonce.d.*)
 .rela.data.rel.ro
                0x00000000000013f8       0x18 /mnt/c/Users/stewa/AppData/Local/Android/Sdk//ndk/21.3.6528147/toolchains/llvm/prebuilt/linux-x86_64/bin/../sysroot/usr/lib/aarch64-linux-android/30/crtbegin_so.o
 .rela.data.gSMatrix
                0x0000000000001410        0x0 /mnt/c/Users/stewa/AppData/Local/Android/Sdk//ndk/21.3.6528147/toolchains/llvm/prebuilt/linux-x86_64/bin/../sysroot/usr/lib/aarch64-linux-android/30/crtbegin_so.o
 *(.rela.tdata .rela.tdata.* .rela.gnu.linkonce.td.*)
 *(.rela.tbss .rela.tbss.* .rela.gnu.linkonce.tb.*)
 *(.rela.ctors)
 *(.rela.dtors)
 *(.rela.got)
 .rela.got      0x0000000000001410       0x48 /mnt/c/Users/stewa/AppData/Local/Android/Sdk//ndk/21.3.6528147/toolchains/llvm/prebuilt/linux-x86_64/bin/../sysroot/usr/lib/aarch64-linux-android/30/crtbegin_so.o
 *(.rela.bss .rela.bss.* .rela.gnu.linkonce.b.*)
 *(.rela.ifunc)
 .rela.ifunc    0x0000000000001458        0x0 /mnt/c/Users/stewa/AppData/Local/Android/Sdk//ndk/21.3.6528147/toolchains/llvm/prebuilt/linux-x86_64/bin/../sysroot/usr/lib/aarch64-linux-android/30/crtbegin_so.o
 .rela.fini_array.0
                0x0000000000001458       0x18 /mnt/c/Users/stewa/AppData/Local/Android/Sdk//ndk/21.3.6528147/toolchains/llvm/prebuilt/linux-x86_64/bin/../sysroot/usr/lib/aarch64-linux-android/30/crtbegin_so.o
 .rela.fini_array
                0x0000000000001470       0x18 /mnt/c/Users/stewa/AppData/Local/Android/Sdk//ndk/21.3.6528147/toolchains/llvm/prebuilt/linux-x86_64/bin/../sysroot/usr/lib/aarch64-linux-android/30/crtbegin_so.o

.rela.plt       0x0000000000001488      0x930
 *(.rela.plt)
 .rela.plt      0x0000000000001488      0x930 /mnt/c/Users/stewa/AppData/Local/Android/Sdk//ndk/21.3.6528147/toolchains/llvm/prebuilt/linux-x86_64/bin/../sysroot/usr/lib/aarch64-linux-android/30/crtbegin_so.o
 *(.rela.iplt)

.init
 *(SORT(.init))

.plt            0x0000000000001dc0      0x640
 *(.plt)
 .plt           0x0000000000001dc0      0x640 /mnt/c/Users/stewa/AppData/Local/Android/Sdk//ndk/21.3.6528147/toolchains/llvm/prebuilt/linux-x86_64/bin/../sysroot/usr/lib/aarch64-linux-android/30/crtbegin_so.o
 *(.iplt)

.text           0x0000000000002400     0x2ab0
 *(.text.unlikely .text.*_unlikely .text.unlikely.*)
 *(.text.exit .text.exit.*)
 *(.text.startup .text.startup.*)
 *(.text.hot .text.hot.*)
 *(.text .stub .text.* .gnu.linkonce.t.*)
 .text          0x0000000000002400       0x48 /mnt/c/Users/stewa/AppData/Local/Android/Sdk//ndk/21.3.6528147/toolchains/llvm/prebuilt/linux-x86_64/bin/../sysroot/usr/lib/aarch64-linux-android/30/crtbegin_so.o
                0x000000000000240c                __emutls_unregister_key
                0x0000000000002414                __atexit_handler_wrapper
                0x0000000000002420                atexit
                0x000000000000243c                pthread_atfork
 .text.CNFGSwapBuffers
                0x0000000000002448       0xf4 /tmp/test-e41c29.o
                0x0000000000002448                CNFGSwapBuffers
 .text.CNFGInternalResize
                0x000000000000253c       0x8c /tmp/test-e41c29.o
                0x000000000000253c                CNFGInternalResize
 .text.CNFGGetDimensions
                0x00000000000025c8       0x50 /tmp/test-e41c29.o
                0x00000000000025c8                CNFGGetDimensions
 .text.CNFGSetup
                0x0000000000002618      0x354 /tmp/test-e41c29.o
                0x0000000000002618                CNFGSetup
 .text.handle_input
                0x000000000000296c      0x20c /tmp/test-e41c29.o
                0x000000000000296c                handle_input
 .text.HandleButton
                0x0000000000002b78       0xc4 /tmp/test-e41c29.o
                0x0000000000002b78                HandleButton
 .text.AndroidGetUnicodeChar
                0x0000000000002c3c      0x138 /tmp/test-e41c29.o
                0x0000000000002c3c                AndroidGetUnicodeChar
 .text.CNFGHandleInput
                0x0000000000002d74       0x70 /tmp/test-e41c29.o
                0x0000000000002d74                CNFGHandleInput
 .text.handle_cmd
                0x0000000000002de4      0x160 /tmp/test-e41c29.o
                0x0000000000002de4                handle_cmd
 .text.android_main
                0x0000000000002f44       0x78 /tmp/test-e41c29.o
                0x0000000000002f44                android_main
 .text.main     0x0000000000002fbc      0x134 /tmp/test-e41c29.o
                0x0000000000002fbc                main
 .text.AndroidMakeFullscreen
                0x00000000000030f0      0x498 /tmp/test-e41c29.o
                0x00000000000030f0                AndroidMakeFullscreen
 .text.AndroidSendToBack
                0x0000000000003588       0xd8 /tmp/test-e41c29.o
                0x0000000000003588                AndroidSendToBack
 .text.CNFGTackSegment
                0x0000000000003660       0xac /tmp/test-e41c29.o
                0x0000000000003660                CNFGTackSegment
 .text.CNFGDrawText
                0x000000000000370c      0x164 /tmp/test-e41c29.o
                0x000000000000370c                CNFGDrawText
 .text.CNFGTackPixel
                0x0000000000003870       0x4c /tmp/test-e41c29.o
                0x0000000000003870                CNFGTackPixel
 .text.EmitQuad
                0x00000000000038bc       0xd8 /tmp/test-e41c29.o
 .text.CNFGGLInternalLoadShader
                0x0000000000003994      0x240 /tmp/test-e41c29.o
                0x0000000000003994                CNFGGLInternalLoadShader
 .text.CNFGSetupBatchInternal
                0x0000000000003bd4      0x104 /tmp/test-e41c29.o
                0x0000000000003bd4                CNFGSetupBatchInternal
 .text.CNFGEmitBackendTriangles
                0x0000000000003cd8       0xbc /tmp/test-e41c29.o
                0x0000000000003cd8                CNFGEmitBackendTriangles
 .text.CNFGClearFrame
                0x0000000000003d94       0x60 /tmp/test-e41c29.o
                0x0000000000003d94                CNFGClearFrame
 .text.drawRectangle
                0x0000000000003df4      0x1e0 /tmp/test-e41c29.o
                0x0000000000003df4                drawRectangle
 .text.drawButton
                0x0000000000003fd4      0x140 /tmp/test-e41c29.o
                0x0000000000003fd4                drawButton
 .text.addNotePressed
                0x0000000000004114       0x14 /tmp/test-e41c29.o
                0x0000000000004114                addNotePressed
 .text.android_app_read_cmd
                0x0000000000004128       0x60 /tmp/android_native_app_glue-8e129a.o
                0x0000000000004128                android_app_read_cmd
 .text.free_saved_state
                0x0000000000004188       0x3c /tmp/android_native_app_glue-8e129a.o
 .text.android_app_pre_exec_cmd
                0x00000000000041c4      0x164 /tmp/android_native_app_glue-8e129a.o
                0x00000000000041c4                android_app_pre_exec_cmd
 .text.android_app_post_exec_cmd
                0x0000000000004328       0xa4 /tmp/android_native_app_glue-8e129a.o
                0x0000000000004328                android_app_post_exec_cmd
 .text.ANativeActivity_onCreate
                0x00000000000043cc      0x2c8 /tmp/android_native_app_glue-8e129a.o
                0x00000000000043cc                ANativeActivity_onCreate
 .text.onDestroy
                0x0000000000004694       0x9c /tmp/android_native_app_glue-8e129a.o
 .text.onStart  0x0000000000004730       0x34 /tmp/android_native_app_glue-8e129a.o
 .text.onResume
                0x0000000000004764       0x34 /tmp/android_native_app_glue-8e129a.o
 .text.onSaveInstanceState
                0x0000000000004798       0x9c /tmp/android_native_app_glue-8e129a.o
 .text.onPause  0x0000000000004834       0x34 /tmp/android_native_app_glue-8e129a.o
 .text.onStop   0x0000000000004868       0x34 /tmp/android_native_app_glue-8e129a.o
 .text.onConfigurationChanged
                0x000000000000489c       0x34 /tmp/android_native_app_glue-8e129a.o
 .text.onLowMemory
                0x00000000000048d0       0x34 /tmp/android_native_app_glue-8e129a.o
 .text.onWindowFocusChanged
                0x0000000000004904       0x44 /tmp/android_native_app_glue-8e129a.o
 .text.onNativeWindowCreated
                0x0000000000004948       0x3c /tmp/android_native_app_glue-8e129a.o
 .text.onNativeWindowDestroyed
                0x0000000000004984       0x38 /tmp/android_native_app_glue-8e129a.o
 .text.onInputQueueCreated
                0x00000000000049bc       0x3c /tmp/android_native_app_glue-8e129a.o
 .text.onInputQueueDestroyed
                0x00000000000049f8       0x38 /tmp/android_native_app_glue-8e129a.o
 .text.onNativeWindowRedrawNeeded
                0x0000000000004a30       0x18 /tmp/android_native_app_glue-8e129a.o
 .text.android_app_write_cmd
                0x0000000000004a48       0x5c /tmp/android_native_app_glue-8e129a.o
 .text.android_app_set_activity_state
                0x0000000000004aa4       0x70 /tmp/android_native_app_glue-8e129a.o
 .text.android_app_set_window
                0x0000000000004b14       0x98 /tmp/android_native_app_glue-8e129a.o
 .text.android_app_set_input
                0x0000000000004bac       0x78 /tmp/android_native_app_glue-8e129a.o
 .text.debug_capture_thread_fn
                0x0000000000004c24       0x90 /tmp/android_native_app_glue-8e129a.o
 .text.process_ui
                0x0000000000004cb4       0x3c /tmp/android_native_app_glue-8e129a.o
 .text.android_app_entry
                0x0000000000004cf0      0x100 /tmp/android_native_app_glue-8e129a.o
 .text.process_cmd
                0x0000000000004df0       0x4c /tmp/android_native_app_glue-8e129a.o
 .text.process_input
                0x0000000000004e3c       0x74 /tmp/android_native_app_glue-8e129a.o
 *(.gnu.warning)

.fini
 *(SORT(.fini))
                [!provide]                        PROVIDE (__etext, .)
                [!provide]                        PROVIDE (_etext, .)
                [!provide]                        PROVIDE (etext, .)

.rodata         0x0000000000004eb0     0x19c8
 *(.rodata .rodata.* .gnu.linkonce.r.*)
 .rodata.handle_input
                0x0000000000004eb0        0x7 /tmp/test-e41c29.o
 .rodata.handle_cmd
                0x0000000000004eb7        0x6 /tmp/test-e41c29.o
 .rodata.str1.1
                0x0000000000004ebd      0xf75 /tmp/test-e41c29.o
                                        0xfd5 (size before relaxing)
 *fill*         0x0000000000005e32        0x2 
 .rodata.config_attribute_list
                0x0000000000005e34       0x44 /tmp/test-e41c29.o
 .rodata.context_attribute_list
                0x0000000000005e78        0xc /tmp/test-e41c29.o
 .rodata.RawdrawFontCharMap
                0x0000000000005e84      0x200 /tmp/test-e41c29.o
                0x0000000000005e84                RawdrawFontCharMap
 .rodata.RawdrawFontCharData
                0x0000000000006084      0x57d /tmp/test-e41c29.o
                0x0000000000006084                RawdrawFontCharData
 .rodata.android_app_pre_exec_cmd
                0x0000000000006601       0x10 /tmp/android_native_app_glue-8e129a.o
 .rodata.str1.1
                0x0000000000006611      0x267 /tmp/android_native_app_glue-8e129a.o

.note.android.ident
                0x0000000000006878       0x98
 .note.android.ident
                0x0000000000006878       0x98 /mnt/c/Users/stewa/AppData/Local/Android/Sdk//ndk/21.3.6528147/toolchains/llvm/prebuilt/linux-x86_64/bin/../sysroot/usr/lib/aarch64-linux-android/30/crtbegin_so.o

.rodata1
 *(.rodata1)

.eh_frame_hdr
 *(.eh_frame_hdr)
 *(.eh_frame_entry .eh_frame_entry.*)

.eh_frame
 *(.eh_frame)
 *(.eh_frame.*)

.gcc_except_table
 *(.gcc_except_table .gcc_except_table.*)

.gnu_extab
 *(.gnu_extab*)

.exception_ranges
 *(.exception_ranges .exception_ranges*)
                0x0000000000007a90                . = DATA_SEGMENT_ALIGN (0x1000, 0x1000)

.eh_frame
 *(.eh_frame)
 *(.eh_frame.*)

.gnu_extab
 *(.gnu_extab)

.gcc_except_table
 *(.gcc_except_table .gcc_except_table.*)

.exception_ranges
 *(.exception_ranges .exception_ranges*)

.tdata
 *(.tdata .tdata.* .gnu.linkonce.td.*)

.tbss
 *(.tbss .tbss.* .gnu.linkonce.tb.*)
 *(.tcommon)

.preinit_array
 *(.preinit_array)

.init_array
 *(SORT(.init_array.*) SORT(.ctors.*))
 *(.init_array EXCLUDE_FILE(*crtend?.o *crtend.o *crtbegin?.o *crtbegin.o) .ctors)

.fini_array     0x0000000000007a90       0x10
 *(SORT(.fini_array.*) SORT(.dtors.*))
 .fini_array.0  0x0000000000007a90        0x8 /mnt/c/Users/stewa/AppData/Local/Android/Sdk//ndk/21.3.6528147/toolchains/llvm/prebuilt/linux-x86_64/bin/../sysroot/usr/lib/aarch64-linux-android/30/crtbegin_so.o
 *(.fini_array EXCLUDE_FILE(*crtend?.o *crtend.o *crtbegin?.o *crtbegin.o) .dtors)
 .fini_array    0x0000000000007a98        0x8 /mnt/c/Users/stewa/AppData/Local/Android/Sdk//ndk/21.3.6528147/toolchains/llvm/prebuilt/linux-x86_64/bin/../sysroot/usr/lib/aarch64-linux-android/30/crtbegin_so.o

.ctors
 *crtbegin.o(.ctors)
 *crtbegin?.o(.ctors)
 *(EXCLUDE_FILE(*crtend?.o *crtend.o) .ctors)
 *(SORT(.ctors.*))
 *(.ctors)

.dtors
 *crtbegin.o(.dtors)
 *crtbegin?.o(.dtors)
 *(EXCLUDE_FILE(*crtend?.o *crtend.o) .dtors)
 *(SORT(.dtors.*))
 *(.dtors)

.jcr
 *(.jcr)

.data.rel.ro    0x0000000000007aa0        0x8
 *(.data.rel.ro.local* .gnu.linkonce.d.rel.ro.local.*)
 *(.data.rel.ro .data.rel.ro.* .gnu.linkonce.d.rel.ro.*)
 .data.rel.ro   0x0000000000007aa0        0x8 /mnt/c/Users/stewa/AppData/Local/Android/Sdk//ndk/21.3.6528147/toolchains/llvm/prebuilt/linux-x86_64/bin/../sysroot/usr/lib/aarch64-linux-android/30/crtbegin_so.o
                0x0000000000007aa0                __dso_handle

.dynamic        0x0000000000007aa8      0x210
 *(.dynamic)
 .dynamic       0x0000000000007aa8      0x210 /mnt/c/Users/stewa/AppData/Local/Android/Sdk//ndk/21.3.6528147/toolchains/llvm/prebuilt/linux-x86_64/bin/../sysroot/usr/lib/aarch64-linux-android/30/crtbegin_so.o
                0x0000000000007aa8                _DYNAMIC

.got            0x0000000000007cb8      0x348
 *(.got.plt)
 .got.plt       0x0000000000007cb8      0x328 /mnt/c/Users/stewa/AppData/Local/Android/Sdk//ndk/21.3.6528147/toolchains/llvm/prebuilt/linux-x86_64/bin/../sysroot/usr/lib/aarch64-linux-android/30/crtbegin_so.o
 *(.igot.plt)
 *(.got)
 .got           0x0000000000007fe0       0x20 /mnt/c/Users/stewa/AppData/Local/Android/Sdk//ndk/21.3.6528147/toolchains/llvm/prebuilt/linux-x86_64/bin/../sysroot/usr/lib/aarch64-linux-android/30/crtbegin_so.o
                0x0000000000007fe0                _GLOBAL_OFFSET_TABLE_
 *(.igot)
                0x0000000000008000                . = DATA_SEGMENT_RELRO_END (., 0x0)

.data           0x0000000000008000       0x20
                [!provide]                        PROVIDE (__data_start, .)
 *(.data .data.* .gnu.linkonce.d.*)
 .data.window_attribute_list
                0x0000000000008000        0x4 /tmp/test-e41c29.o
 .data.wgl_last_width_over_2
                0x0000000000008004        0x4 /tmp/test-e41c29.o
 .data.gRDShaderProg
                0x0000000000008008        0x4 /tmp/test-e41c29.o
                0x0000000000008008                gRDShaderProg
 .data.gRDBlitProg
                0x000000000000800c        0x4 /tmp/test-e41c29.o
                0x000000000000800c                gRDBlitProg
 .data.gRDShaderProgUX
                0x0000000000008010        0x4 /tmp/test-e41c29.o
                0x0000000000008010                gRDShaderProgUX
 .data.gRDBlitProgUX
                0x0000000000008014        0x4 /tmp/test-e41c29.o
                0x0000000000008014                gRDBlitProgUX
 .data.gRDBlitProgUT
                0x0000000000008018        0x4 /tmp/test-e41c29.o
                0x0000000000008018                gRDBlitProgUT
 .data.gRDBlitProgTex
                0x000000000000801c        0x4 /tmp/test-e41c29.o
                0x000000000000801c                gRDBlitProgTex

.data1
 *(.data1)
                0x0000000000008020                _edata = .
                [!provide]                        PROVIDE (edata, .)
                0x0000000000008020                __bss_start = .
                0x0000000000008020                __bss_start__ = .

.bss            0x0000000000008020    0x204a0
 *(.dynbss)
 .dynbss        0x0000000000008020        0x0 /mnt/c/Users/stewa/AppData/Local/Android/Sdk//ndk/21.3.6528147/toolchains/llvm/prebuilt/linux-x86_64/bin/../sysroot/usr/lib/aarch64-linux-android/30/crtbegin_so.o
 *(.bss .bss.* .gnu.linkonce.b.*)
 .bss.override_android_screen_dimensons
                0x0000000000008020        0x4 /tmp/test-e41c29.o
                0x0000000000008020                override_android_screen_dimensons
 .bss.iLastInternalW
                0x0000000000008024        0x2 /tmp/test-e41c29.o
 *fill*         0x0000000000008026        0x2 
 .bss.iLastInternalH
                0x0000000000008028        0x2 /tmp/test-e41c29.o
 *fill*         0x000000000000802a        0x2 
 .bss.OGLESStarted
                0x000000000000802c        0x1 /tmp/test-e41c29.o
 *fill*         0x000000000000802d        0x3 
 .bss.lastbuttonx
                0x0000000000008030        0x4 /tmp/test-e41c29.o
                0x0000000000008030                lastbuttonx
 .bss.lastbuttony
                0x0000000000008034        0x4 /tmp/test-e41c29.o
                0x0000000000008034                lastbuttony
 .bss.lastmotionx
                0x0000000000008038        0x4 /tmp/test-e41c29.o
                0x0000000000008038                lastmotionx
 .bss.lastmotiony
                0x000000000000803c        0x4 /tmp/test-e41c29.o
                0x000000000000803c                lastmotiony
 .bss.lastbid   0x0000000000008040        0x4 /tmp/test-e41c29.o
                0x0000000000008040                lastbid
 .bss.lastmask  0x0000000000008044        0x4 /tmp/test-e41c29.o
                0x0000000000008044                lastmask
 .bss.pressableCount
                0x0000000000008048        0x4 /tmp/test-e41c29.o
                0x0000000000008048                pressableCount
 .bss.debugAddNotePressed
                0x000000000000804c        0x4 /tmp/test-e41c29.o
                0x000000000000804c                debugAddNotePressed
 .bss.pfd       0x0000000000008050        0x8 /tmp/android_native_app_glue-8e129a.o
 *(COMMON)
 COMMON         0x0000000000008058    0x20458 /tmp/test-e41c29.o
                0x0000000000008058                native_window
                0x0000000000008060                CNFGDialogColor
                0x0000000000008064                CNFGPenX
                0x0000000000008068                android_sdk_version
                0x000000000000806c                CNFGPenY
                0x0000000000008070                egl_context
                0x0000000000008078                egl_surface
                0x0000000000008080                buttonstate
                0x0000000000008088                egl_config
                0x0000000000008090                CNFGVertDataV
                0x0000000000020090                gRDLastResizeH
                0x0000000000020094                debugc
                0x0000000000020098                debuga
                0x000000000002009c                debugb
                0x00000000000200a0                CNFGLastColor
                0x00000000000200a4                lastkey
                0x00000000000200a8                gRDLastResizeW
                0x00000000000200b0                egl_display
                0x00000000000200b8                CNFGBGColor
                0x00000000000200bc                CNFGVertDataC
                0x00000000000280bc                lastkeydown
                0x00000000000280c0                pressables
                0x0000000000028480                HandleWindowTermination
                0x0000000000028488                android_width
                0x000000000002848c                CNFGVertPlace
                0x0000000000028490                g_objRootView
                0x0000000000028498                suspended
                0x000000000002849c                android_height
                0x00000000000284a0                MyFunc
                0x00000000000284a8                HandleCustomEventCallback
 COMMON         0x00000000000284b0       0x10 /tmp/android_native_app_glue-8e129a.o
                0x00000000000284b0                gapp
                0x00000000000284b8                debug_capture_thread
                0x00000000000284c0                . = ALIGN ((. != 0x0)?0x8:0x1)
                0x00000000000284c0                _bss_end__ = .
                0x00000000000284c0                __bss_end__ = .
                0x00000000000284c0                . = ALIGN (0x8)
                0x00000000000284c0                . = SEGMENT_START ("ldata-segment", .)
                0x00000000000284c0                . = ALIGN (0x8)
                0x00000000000284c0                __end__ = .
                0x00000000000284c0                _end = .
                [!provide]                        PROVIDE (end, .)
                0x00000000000284c0                . = DATA_SEGMENT_END (.)

.stab
 *(.stab)

.stabstr
 *(.stabstr)

.stab.excl
 *(.stab.excl)

.stab.exclstr
 *(.stab.exclstr)

.stab.index
 *(.stab.index)

.stab.indexstr
 *(.stab.indexstr)

.comment        0x0000000000000000       0xb5
 *(.comment)
 .comment       0x0000000000000000       0xb5 /mnt/c/Users/stewa/AppData/Local/Android/Sdk//ndk/21.3.6528147/toolchains/llvm/prebuilt/linux-x86_64/bin/../sysroot/usr/lib/aarch64-linux-android/30/crtbegin_so.o
                                         0xb6 (size before relaxing)
 .comment       0x00000000000000b5       0xb6 /tmp/test-e41c29.o
 .comment       0x00000000000000b5       0xb6 /tmp/android_native_app_glue-8e129a.o

.debug
 *(.debug)

.line
 *(.line)

.debug_srcinfo
 *(.debug_srcinfo)

.debug_sfnames
 *(.debug_sfnames)

.debug_aranges
 *(.debug_aranges)

.debug_pubnames
 *(.debug_pubnames)

.debug_info
 *(.debug_info .gnu.linkonce.wi.*)

.debug_abbrev
 *(.debug_abbrev)

.debug_line
 *(.debug_line .debug_line.* .debug_line_end)

.debug_frame
 *(.debug_frame)

.debug_str
 *(.debug_str)

.debug_loc
 *(.debug_loc)

.debug_macinfo
 *(.debug_macinfo)

.debug_weaknames
 *(.debug_weaknames)

.debug_funcnames
 *(.debug_funcnames)

.debug_typenames
 *(.debug_typenames)

.debug_varnames
 *(.debug_varnames)

.debug_pubtypes
 *(.debug_pubtypes)

.debug_ranges
 *(.debug_ranges)

.debug_macro
 *(.debug_macro)

.debug_addr
 *(.debug_addr)

.ARM.attributes
 *(.ARM.attributes)
 *(.gnu.attributes)

.note.gnu.arm.ident
 *(.note.gnu.arm.ident)

/DISCARD/
 *(.note.GNU-stack)
 *(.gnu_debuglink)
 *(.gnu.lto_*)
OUTPUT(makecapk/lib/arm64-v8a/libcnfgtest.so elf64-littleaarch64)
